sun_a 0 floor 3486 sun 129
sun_a 1 floor 3348 sun 258
sun_a 2 floor 3746 sun 387
sun_a 3 floor 4108 sun 482
sun_a 4 floor 4359 sun 235
sun_a 5 floor 4350 sun 372
sun_a 6 floor 4545 sun 469
sun_a 7 floor 4686 sun 636
sun_a 8 floor 4637 sun 290
sun_a 9 floor 4870 sun 307
sun_a 10 floor 4927 sun 541
sun_a 11 floor 5002 sun 717
sun_a 12 floor 0 sun 0
sun_a 13 floor 0 sun 0
sun_b 0 floor 3486 sun 422
sun_b 1 floor 3348 sun 310
sun_b 2 floor 3746 sun 151
sun_b 3 floor 4108 sun 27
sun_b 4 floor 4359 sun 472
sun_b 5 floor 4350 sun 379
sun_b 6 floor 4545 sun 170
sun_b 7 floor 4686 sun 123
sun_b 8 floor 4637 sun 427
sun_b 9 floor 4870 sun 306
sun_b 10 floor 4927 sun 229
sun_b 11 floor 5002 sun 169
sun_b 12 floor 0 sun 0
sun_b 13 floor 0 sun 0
sun_c 0 floor 3486 sun 0
sun_c 1 floor 3348 sun 2
sun_c 2 floor 3746 sun 31
sun_c 3 floor 4108 sun 33
sun_c 4 floor 4359 sun 0
sun_c 5 floor 4350 sun 7
sun_c 6 floor 4545 sun 20
sun_c 7 floor 4686 sun 23
sun_c 8 floor 4637 sun 1
sun_c 9 floor 4870 sun 5
sun_c 10 floor 4927 sun 13
sun_c 11 floor 5002 sun 18
sun_c 12 floor 0 sun 0
sun_c 13 floor 0 sun 0
sky 0 floor 3486 sun 0
sky 1 floor 3348 sun 0
sky 2 floor 3746 sun 0
sky 3 floor 4108 sun 0
sky 4 floor 4359 sun 0
sky 5 floor 4350 sun 0
sky 6 floor 4545 sun 0
sky 7 floor 4686 sun 0
sky 8 floor 4637 sun 0
sky 9 floor 4870 sun 0
sky 10 floor 4927 sun 0
sky 11 floor 5002 sun 0
sky 12 floor 0 sun 0
sky 13 floor 0 sun 0
