PREPARE 0 998
PREPARE 100 998
PREPARE 200 998
PREPARE 300 998
PREPARE 400 998
PREPARE 500 998
PREPARE 600 998
PREPARE 700 998
PREPARE 800 998
PREPARE 900 998
EPOCH 17 1 0.08011307490040671 0.06972060634577083
EPOCH 17 2 0.0636374163880663 0.06771429526133958
EPOCH 17 3 0.06226048709930114 0.06805073451128345
EPOCH 17 4 0.060671882739044586 0.06459444005237512
EPOCH 17 5 0.059111296287122764 0.06449503509748732
EPOCH 17 6 0.05749113991294267 0.06262548825063334
EPOCH 17 7 0.056314509713424825 0.06140307815545234
EPOCH 17 8 0.055543391912613274 0.061789854468095005
EPOCH 23 1 0.08166811376247766 0.07105554223124377
EPOCH 23 2 0.06432343407903078 0.06855747992118899
EPOCH 23 3 0.06283337489332792 0.06680174469309279
EPOCH 23 4 0.061335165897067986 0.06467653469674813
EPOCH 23 5 0.059247689637935384 0.06267132214645964
EPOCH 23 6 0.05805030886857015 0.06241564454988461
EPOCH 23 7 0.05686878926067982 0.06221893663394687
EPOCH 23 8 0.05593236873172364 0.059942945650810875
EPOCH 41 1 0.08526786444884427 0.0706295053680351
EPOCH 41 2 0.06401845658162855 0.06868246215568298
EPOCH 41 3 0.06265870390354462 0.06722569665571958
EPOCH 41 4 0.06183646893445051 0.06678032500640148
EPOCH 41 5 0.05935169981335694 0.06762368478895453
EPOCH 41 6 0.05917583630894715 0.06255594627138973
EPOCH 41 7 0.05716932550916132 0.06249008399675041
EPOCH 41 8 0.056774587212306146 0.061467691118042046
COMPLETE {"albedo_mse": 0.03781742982611575, "roughness_mse": 0.05766300361335667, "metallic_mse": 0.022862072142834988}
