Using CPython 3.10.21 interpreter at: .venv/bin/python
Resolved 1 package in 1.15s
   Building diff-gaussian-rasterization-feature @ file:///home/minghao/projects/iris/third_party/sgs_components/feature_rasterizer
  × Failed to build `diff-gaussian-rasterization-feature @
  │ file:///home/minghao/projects/iris/third_party/sgs_components/feature_rasterizer`
  ├─▶ The build backend returned an error
  ╰─▶ Call to `setuptools.build_meta:__legacy__.build_wheel` failed (exit
      status: 1)

      [stdout]
      running bdist_wheel
      running build
      running build_py
      creating
      build/lib.linux-x86_64-cpython-310/diff_gaussian_rasterization_feature
      copying diff_gaussian_rasterization_feature/__init__.py ->
      build/lib.linux-x86_64-cpython-310/diff_gaussian_rasterization_feature
      copying diff_gaussian_rasterization_feature/__init__conv.py ->
      build/lib.linux-x86_64-cpython-310/diff_gaussian_rasterization_feature
      running build_ext
      building 'diff_gaussian_rasterization_feature._C' extension
      creating build/temp.linux-x86_64-cpython-310/cuda_rasterizer
      /home/minghao/projects/iris/.toolchain/compiler/bin/nvcc
      -I/home/minghao/projects/iris/.venv/lib/python3.10/site-packages/torch/include
      -I/home/minghao/projects/iris/.venv/lib/python3.10/site-packages/torch/include/torch/csrc/api/include
      -I/home/minghao/projects/iris/.toolchain/compiler/include
      -I/home/minghao/projects/iris/.venv/include
      -I/home/minghao/.local/share/uv/python/cpython-3.10.21-linux-x86_64-gnu/include/python3.10
      -c cuda_rasterizer/backward.cu -o
      build/temp.linux-x86_64-cpython-310/cuda_rasterizer/backward.o
      -D__CUDA_NO_HALF_OPERATORS__ -D__CUDA_NO_HALF_CONVERSIONS__
      -D__CUDA_NO_BFLOAT16_CONVERSIONS__
      -D__CUDA_NO_HALF2_OPERATORS__ --expt-relaxed-constexpr
      --compiler-options '-fPIC' -Xcompiler -fno-gnu-unique
      -I/home/minghao/projects/iris/third_party/sgs_components/feature_rasterizer/third_party/glm/
      -DTORCH_API_INCLUDE_EXTENSION_H -DTORCH_EXTENSION_NAME=_C
      -gencode=arch=compute_120,code=sm_120 -ccbin
      /home/minghao/projects/iris/.toolchain/compiler/bin/x86_64-conda-linux-gnu-gcc
      -std=c++17
      /home/minghao/projects/iris/.toolchain/compiler/bin/nvcc
      -I/home/minghao/projects/iris/.venv/lib/python3.10/site-packages/torch/include
      -I/home/minghao/projects/iris/.venv/lib/python3.10/site-packages/torch/include/torch/csrc/api/include
      -I/home/minghao/projects/iris/.toolchain/compiler/include
      -I/home/minghao/projects/iris/.venv/include
      -I/home/minghao/.local/share/uv/python/cpython-3.10.21-linux-x86_64-gnu/include/python3.10
      -c cuda_rasterizer/forward.cu -o
      build/temp.linux-x86_64-cpython-310/cuda_rasterizer/forward.o
      -D__CUDA_NO_HALF_OPERATORS__ -D__CUDA_NO_HALF_CONVERSIONS__
      -D__CUDA_NO_BFLOAT16_CONVERSIONS__
      -D__CUDA_NO_HALF2_OPERATORS__ --expt-relaxed-constexpr
      --compiler-options '-fPIC' -Xcompiler -fno-gnu-unique
      -I/home/minghao/projects/iris/third_party/sgs_components/feature_rasterizer/third_party/glm/
      -DTORCH_API_INCLUDE_EXTENSION_H -DTORCH_EXTENSION_NAME=_C
      -gencode=arch=compute_120,code=sm_120 -ccbin
      /home/minghao/projects/iris/.toolchain/compiler/bin/x86_64-conda-linux-gnu-gcc
      -std=c++17
      /home/minghao/projects/iris/.toolchain/compiler/bin/nvcc
      -I/home/minghao/projects/iris/.venv/lib/python3.10/site-packages/torch/include
      -I/home/minghao/projects/iris/.venv/lib/python3.10/site-packages/torch/include/torch/csrc/api/include
      -I/home/minghao/projects/iris/.toolchain/compiler/include
      -I/home/minghao/projects/iris/.venv/include
      -I/home/minghao/.local/share/uv/python/cpython-3.10.21-linux-x86_64-gnu/include/python3.10
      -c cuda_rasterizer/rasterizer_impl.cu -o
      build/temp.linux-x86_64-cpython-310/cuda_rasterizer/rasterizer_impl.o
      -D__CUDA_NO_HALF_OPERATORS__ -D__CUDA_NO_HALF_CONVERSIONS__
      -D__CUDA_NO_BFLOAT16_CONVERSIONS__
      -D__CUDA_NO_HALF2_OPERATORS__ --expt-relaxed-constexpr
      --compiler-options '-fPIC' -Xcompiler -fno-gnu-unique
      -I/home/minghao/projects/iris/third_party/sgs_components/feature_rasterizer/third_party/glm/
      -DTORCH_API_INCLUDE_EXTENSION_H -DTORCH_EXTENSION_NAME=_C
      -gencode=arch=compute_120,code=sm_120 -ccbin
      /home/minghao/projects/iris/.toolchain/compiler/bin/x86_64-conda-linux-gnu-gcc
      -std=c++17

      [stderr]
      W0920 22:19:33.435000 1068649 torch/utils/cpp_extension.py:680]
      Attempted to use ninja as the BuildExtension backend but we could not
      find ninja.. Falling back to using the slow distutils backend.
      cuda_rasterizer/auxiliary.h(157): warning #177-D: variable "p_proj" was
      declared but never referenced
         float3 p_proj = { p_hom.x * p_w, p_hom.y * p_w, p_hom.z * p_w };
                ^

      Remark: The warnings can be suppressed with "-diag-suppress
      <warning-number>"

      cuda_rasterizer/auxiliary.h(157): warning #177-D: variable "p_proj" was
      declared but never referenced
         float3 p_proj = { p_hom.x * p_w, p_hom.y * p_w, p_hom.z * p_w };
                ^

      Remark: The warnings can be suppressed with "-diag-suppress
      <warning-number>"

      cuda_rasterizer/forward.cu(305): warning #177-D: variable "prev_depp"
      was declared but never referenced
         float prev_depp = 0.0f;
               ^

      cuda_rasterizer/rasterizer_impl.h(24): error: namespace "std" has no
      member "uintptr_t"
          std::size_t offset = (reinterpret_cast<std::uintptr_t>(chunk) +
      alignment - 1) & ~(alignment - 1);
                                                      ^

      cuda_rasterizer/rasterizer_impl.h(41): error: identifier "uint32_t"
      is undefined
          uint32_t* point_offsets;
          ^

      cuda_rasterizer/rasterizer_impl.h(42): error: identifier "uint32_t"
      is undefined
          uint32_t* tiles_touched;
          ^

      cuda_rasterizer/rasterizer_impl.h(50): error: identifier "uint32_t"
      is undefined
          uint32_t* n_contrib;
          ^

      cuda_rasterizer/rasterizer_impl.h(59): error: identifier "uint64_t"
      is undefined
          uint64_t* point_list_keys_unsorted;
          ^

      cuda_rasterizer/rasterizer_impl.h(60): error: identifier "uint64_t"
      is undefined
          uint64_t* point_list_keys;
          ^

      cuda_rasterizer/rasterizer_impl.h(61): error: identifier "uint32_t"
      is undefined
          uint32_t* point_list_unsorted;
          ^

      cuda_rasterizer/rasterizer_impl.h(62): error: identifier "uint32_t"
      is undefined
          uint32_t* point_list;
          ^

      cuda_rasterizer/rasterizer_impl.cu(184): warning #549-D: variable
      "binning" is used before its value is set
         obtain(chunk, binning.point_list, P, 128);
                       ^

      Remark: The warnings can be suppressed with "-diag-suppress
      <warning-number>"

      8 errors detected in the compilation of
      "cuda_rasterizer/rasterizer_impl.cu".
      error: command '/home/minghao/projects/iris/.toolchain/compiler/bin/nvcc'
      failed with exit code 2


hint: Build failures usually indicate a problem with the package or the build environment
